export const snapshot = {};

snapshot[`hero fragment snapshot 1`] = `'<section class="hero">Welcome</section>'`;
